2026-03-25 19:57:42,688 | INFO | api_registro | Iniciando API en modo debug
2026-03-25 19:58:06,742 | WARNING | api_registro.auth | Token expirado
2026-03-25 19:58:09,943 | INFO | api_registro.auth | Login exitoso para usuario: castillokhelly@gmail.com
2026-03-25 20:03:46,380 | INFO | api_registro | Iniciando API en modo debug
2026-03-25 20:06:51,090 | INFO | api_registro | Iniciando API en modo debug
2026-03-25 20:10:23,928 | INFO | Iniciando API en modo debug
2026-03-25 20:10:30,455 | INFO | Iniciando API en modo debug
2026-03-25 20:10:48,606 | DEBUG | Procesando compra para usuario_id=2, articulo_id=1
2026-03-25 20:10:48,606 | DEBUG | Abriendo conexión a SQLite
2026-03-25 20:10:48,613 | INFO | Compra registrada para usuario_id=2, articulo_id=1, id=5
2026-03-25 20:10:58,815 | DEBUG | Procesando compra para usuario_id=2, articulo_id=None
2026-03-25 20:10:58,815 | WARNING | Compra rechazada: faltan datos para usuario_id=2
2026-03-25 20:12:26,750 | DEBUG | Procesando compra para usuario_id=2, articulo_id=None
2026-03-25 20:12:26,750 | WARNING | Compra rechazada: faltan datos para usuario_id=2
2026-03-25 20:12:33,380 | DEBUG | Procesando compra para usuario_id=2, articulo_id=1
2026-03-25 20:12:33,380 | DEBUG | Abriendo conexión a SQLite
2026-03-25 20:12:33,381 | ERROR | Fallo del sistema en compra para usuario_id=2
Traceback (most recent call last):
  File "/Users/carlosdavidaviladominguez/Pictures/SDA/api_registro/app.py", line 373, in comprar
    cursor.execute(
    ~~~~~~~~~~~~~~^
        "INSERT INTO compras (usuario_id, articulo_id, cantidad) VALUES (?, ?, ?)",
        ^^^^^^^^^^^^^^^^^^^^^^^^^^^^^^^^^^^^^^^^^^^^^^^^^^^^^^^^^^^^^^^^^^^^^^^^^^^
        (g.user["sub"], articulo_id, cantidad)
        ^^^^^^^^^^^^^^^^^^^^^^^^^^^^^^^^^^^^^^
    )
    ^
sqlite3.OperationalError: no such table: compras
2026-03-25 20:12:54,414 | DEBUG | Procesando compra para usuario_id=2, articulo_id=1
2026-03-25 20:12:54,414 | DEBUG | Abriendo conexión a SQLite
2026-03-25 20:12:54,415 | INFO | Compra registrada para usuario_id=2, articulo_id=1, id=6
